[22:59:31.789] [Info] Settings loaded from settings.json
[22:59:31.815] [Info] ╔══════════════════════════════════════════════════════════════╗
[22:59:31.816] [Info] ║  LaserDim700 - Система лазерной маркировки                  ║
[22:59:31.816] [Info] ╚══════════════════════════════════════════════════════════════╝
[22:59:31.817] [Info] Конвейерная маркировка с коррекцией от машинного зрения
[22:59:31.884] [Info] Database initialized successfully
[22:59:31.893] [Debug] Refilling cache: current=0, loading=20
[22:59:31.897] [Info] ✓ База данных инициализирована: C:\Users\88\Documents\SourceCode\bin\Release\net8.0-windows\codes.db
[22:59:31.902] [Info]   Статистика кодов: Доступно=20, Гравировано=0, Всего=20
[22:59:31.914] [Info] Cache refilled: +20 codes (total: 20)
[23:25:47.560] [Info] Settings loaded from settings.json
[23:25:47.581] [Info] ╔══════════════════════════════════════════════════════════════╗
[23:25:47.582] [Info] ║  LaserDim700 - Система лазерной маркировки                  ║
[23:25:47.582] [Info] ╚══════════════════════════════════════════════════════════════╝
[23:25:47.583] [Info] Конвейерная маркировка с коррекцией от машинного зрения
[23:25:47.634] [Info] Database initialized successfully
[23:25:47.643] [Debug] Refilling cache: current=0, loading=20
[23:25:47.645] [Info] ✓ База данных инициализирована: C:\Users\88\Documents\SourceCode\bin\Debug\net8.0-windows\codes.db
[23:25:47.647] [Warning] Database has no more codes (loaded 0/20)
[23:26:02.831] [Info] Settings loaded from settings.json
[23:26:02.855] [Info] ╔══════════════════════════════════════════════════════════════╗
[23:26:02.856] [Info] ║  LaserDim700 - Система лазерной маркировки                  ║
[23:26:02.856] [Info] ╚══════════════════════════════════════════════════════════════╝
[23:26:02.857] [Info] Конвейерная маркировка с коррекцией от машинного зрения
[23:26:02.914] [Info] Database initialized successfully
[23:26:02.924] [Debug] Refilling cache: current=0, loading=20
[23:26:02.927] [Info] ✓ База данных инициализирована: C:\Users\88\Documents\SourceCode\bin\Debug\net8.0-windows\codes.db
[23:26:02.928] [Warning] Database has no more codes (loaded 0/20)
[23:33:31.012] [Info] Settings loaded from settings.json
[23:33:31.024] [Info] ╔══════════════════════════════════════════════════════════════╗
[23:33:31.024] [Info] ║  LaserDim700 - Система лазерной маркировки                  ║
[23:33:31.024] [Info] ╚══════════════════════════════════════════════════════════════╝
[23:33:31.024] [Info] Конвейерная маркировка с коррекцией от машинного зрения
[23:33:31.078] [Info] Database initialized successfully
[23:33:31.087] [Debug] Refilling cache: current=0, loading=20
[23:33:31.089] [Info] ✓ База данных инициализирована: C:\Users\88\Documents\SourceCode\bin\Debug\net8.0-windows\codes.db
[23:33:31.090] [Warning] Database has no more codes (loaded 0/20)
[23:33:31.093] [Info]   Статистика кодов: Доступно=0, Гравировано=0, Всего=0
[23:33:31.622] [Info] ✅ Воркер маркировки запущен
[23:33:31.622] [Info] ✓ Воркер маркировки запущен, таймер UI запустится через 1 секунду
[23:33:31.623] [Info] 🚀 Воркер маркировки запущен
[23:33:33.875] [Info] Завершение работы...
[23:33:33.878] [Info] 🛑 Воркер маркировки остановлен
[23:33:33.878] [Info] ✅ Воркер маркировки остановлен
[23:33:33.879] [Info] Завершение работы выполнено
[23:33:41.480] [Info] Settings loaded from settings.json
[23:33:41.493] [Info] ╔══════════════════════════════════════════════════════════════╗
[23:33:41.493] [Info] ║  LaserDim700 - Система лазерной маркировки                  ║
[23:33:41.493] [Info] ╚══════════════════════════════════════════════════════════════╝
[23:33:41.493] [Info] Конвейерная маркировка с коррекцией от машинного зрения
[23:33:41.551] [Info] Database initialized successfully
[23:33:41.560] [Debug] Refilling cache: current=0, loading=20
[23:33:41.563] [Info] ✓ База данных инициализирована: C:\Users\88\Documents\SourceCode\bin\Debug\net8.0-windows\codes.db
[23:33:41.564] [Warning] Database has no more codes (loaded 0/20)
[23:33:41.567] [Info]   Статистика кодов: Доступно=0, Гравировано=0, Всего=0
[23:33:42.212] [Info] ✅ Воркер маркировки запущен
[23:33:42.213] [Info] ✓ Воркер маркировки запущен, таймер UI запустится через 1 секунду
[23:33:42.213] [Info] 🚀 Воркер маркировки запущен
[23:33:50.759] [Warning] ⏸️ Обработка очереди ПРИОСТАНОВЛЕНА
[23:33:51.503] [Info] ▶️ Обработка очереди ВОЗОБНОВЛЕНА
[23:33:54.658] [Info] Завершение работы...
[23:33:54.664] [Info] 🛑 Воркер маркировки остановлен
[23:33:54.664] [Info] ✅ Воркер маркировки остановлен
[23:33:54.665] [Info] Завершение работы выполнено
